Component: ARM Compiler 5.06 update 5 (build 528) Tool: armlink [4d35e2]

==============================================================================

Section Cross References

    main.o(i.main) refers to main.o(i.nrf_gpio_cfg_output) for nrf_gpio_cfg_output
    main.o(i.main) refers to main.o(i.nrf_gpio_pin_set) for nrf_gpio_pin_set
    main.o(i.main) refers to nrf_drv_ppi.o(i.nrf_drv_ppi_init) for nrf_drv_ppi_init
    main.o(i.main) refers to app_error.o(i.app_error_handler_bare) for app_error_handler_bare
    main.o(i.main) refers to nrf_drv_gpiote.o(i.nrf_drv_gpiote_init) for nrf_drv_gpiote_init
    main.o(i.main) refers to main.o(i.moist_sens_gpio_cfg) for moist_sens_gpio_cfg
    main.o(i.main) refers to main.o(i.moist_sens_tmr_capture_cfg) for moist_sens_tmr_capture_cfg
    main.o(i.main) refers to main.o(i.moist_sens_tmr_counter_cfg) for moist_sens_tmr_counter_cfg
    main.o(i.main) refers to main.o(i.ppi_moist_sens_sys_cfg) for ppi_moist_sens_sys_cfg
    main.o(i.main) refers to main.o(i.ppi_pulse_in_pulse_out) for ppi_pulse_in_pulse_out
    main.o(i.main) refers to main.o(i.tmr_enable) for tmr_enable
    main.o(i.main) refers to nrf_drv_gpiote.o(i.nrf_drv_gpiote_out_task_enable) for nrf_drv_gpiote_out_task_enable
    main.o(i.main) refers to nrf_drv_gpiote.o(i.nrf_drv_gpiote_in_event_enable) for nrf_drv_gpiote_in_event_enable
    main.o(i.main) refers to nrf_delay.o(i.nrf_delay_ms) for nrf_delay_ms
    main.o(i.main) refers to main.o(.bss) for dmon_drvr
    main.o(i.main) refers to main.o(.constdata) for .constdata
    main.o(i.moist_sens_gpio_cfg) refers to app_error.o(i.app_error_handler_bare) for app_error_handler_bare
    main.o(i.moist_sens_gpio_cfg) refers to nrf_drv_gpiote.o(i.nrf_drv_gpiote_in_init) for nrf_drv_gpiote_in_init
    main.o(i.moist_sens_gpio_cfg) refers to main.o(i.nrf_gpio_cfg_output) for nrf_gpio_cfg_output
    main.o(i.moist_sens_gpio_cfg) refers to main.o(i.nrf_gpio_pin_set) for nrf_gpio_pin_set
    main.o(i.moist_sens_tmr_capture_cfg) refers to nrf_drv_timer.o(i.nrf_drv_timer_init) for nrf_drv_timer_init
    main.o(i.moist_sens_tmr_capture_cfg) refers to app_error.o(i.app_error_handler_bare) for app_error_handler_bare
    main.o(i.moist_sens_tmr_capture_cfg) refers to nrf_drv_timer.o(i.nrf_drv_timer_extended_compare) for nrf_drv_timer_extended_compare
    main.o(i.moist_sens_tmr_capture_cfg) refers to main.o(i.moist_sens_tmr_evnt_handler) for moist_sens_tmr_evnt_handler
    main.o(i.moist_sens_tmr_counter_cfg) refers to nrf_drv_timer.o(i.nrf_drv_timer_init) for nrf_drv_timer_init
    main.o(i.moist_sens_tmr_counter_cfg) refers to app_error.o(i.app_error_handler_bare) for app_error_handler_bare
    main.o(i.moist_sens_tmr_counter_cfg) refers to nrf_drv_timer.o(i.nrf_drv_timer_extended_compare) for nrf_drv_timer_extended_compare
    main.o(i.moist_sens_tmr_counter_cfg) refers to main.o(.constdata) for .constdata
    main.o(i.moist_sens_tmr_counter_cfg) refers to main.o(i.tmr_ctr_evnt_handler) for tmr_ctr_evnt_handler
    main.o(i.moist_sens_tmr_evnt_handler) refers to nrf_drv_timer.o(i.nrf_drv_timer_capture) for nrf_drv_timer_capture
    main.o(i.moist_sens_tmr_evnt_handler) refers to nrf_drv_timer.o(i.nrf_drv_timer_clear) for nrf_drv_timer_clear
    main.o(i.moist_sens_tmr_evnt_handler) refers to nrf_drv_timer.o(i.nrf_drv_timer_enable) for nrf_drv_timer_enable
    main.o(i.moist_sens_tmr_evnt_handler) refers to main.o(.bss) for dmon_drvr
    main.o(i.ppi_moist_sens_sys_cfg) refers to nrf_drv_ppi.o(i.nrf_drv_ppi_channel_alloc) for nrf_drv_ppi_channel_alloc
    main.o(i.ppi_moist_sens_sys_cfg) refers to app_error.o(i.app_error_handler_bare) for app_error_handler_bare
    main.o(i.ppi_moist_sens_sys_cfg) refers to main.o(i.nrf_drv_timer_task_address_get) for nrf_drv_timer_task_address_get
    main.o(i.ppi_moist_sens_sys_cfg) refers to nrf_drv_gpiote.o(i.nrf_drv_gpiote_in_event_addr_get) for nrf_drv_gpiote_in_event_addr_get
    main.o(i.ppi_moist_sens_sys_cfg) refers to nrf_drv_ppi.o(i.nrf_drv_ppi_channel_assign) for nrf_drv_ppi_channel_assign
    main.o(i.ppi_moist_sens_sys_cfg) refers to nrf_drv_ppi.o(i.nrf_drv_ppi_channel_enable) for nrf_drv_ppi_channel_enable
    main.o(i.ppi_pulse_in_pulse_out) refers to nrf_drv_gpiote.o(i.nrf_drv_gpiote_out_init) for nrf_drv_gpiote_out_init
    main.o(i.ppi_pulse_in_pulse_out) refers to app_error.o(i.app_error_handler_bare) for app_error_handler_bare
    main.o(i.ppi_pulse_in_pulse_out) refers to nrf_drv_ppi.o(i.nrf_drv_ppi_channel_alloc) for nrf_drv_ppi_channel_alloc
    main.o(i.ppi_pulse_in_pulse_out) refers to nrf_drv_gpiote.o(i.nrf_drv_gpiote_in_event_addr_get) for nrf_drv_gpiote_in_event_addr_get
    main.o(i.ppi_pulse_in_pulse_out) refers to nrf_drv_gpiote.o(i.nrf_drv_gpiote_out_task_addr_get) for nrf_drv_gpiote_out_task_addr_get
    main.o(i.ppi_pulse_in_pulse_out) refers to nrf_drv_ppi.o(i.nrf_drv_ppi_channel_assign) for nrf_drv_ppi_channel_assign
    main.o(i.ppi_pulse_in_pulse_out) refers to nrf_drv_ppi.o(i.nrf_drv_ppi_channel_enable) for nrf_drv_ppi_channel_enable
    main.o(i.ppi_pulse_in_pulse_out) refers to main.o(.constdata) for .constdata
    main.o(i.tmr_enable) refers to nrf_drv_timer.o(i.nrf_drv_timer_enable) for nrf_drv_timer_enable
    main.o(i.tmr_enable) refers to main.o(.bss) for dmon_drvr
    arm_startup_nrf51.o(RESET) refers to arm_startup_nrf51.o(STACK) for __initial_sp
    arm_startup_nrf51.o(RESET) refers to arm_startup_nrf51.o(.text) for Reset_Handler
    arm_startup_nrf51.o(RESET) refers to nrf_drv_gpiote.o(i.GPIOTE_IRQHandler) for GPIOTE_IRQHandler
    arm_startup_nrf51.o(RESET) refers to nrf_drv_timer.o(i.TIMER0_IRQHandler) for TIMER0_IRQHandler
    arm_startup_nrf51.o(RESET) refers to nrf_drv_timer.o(i.TIMER1_IRQHandler) for TIMER1_IRQHandler
    arm_startup_nrf51.o(.text) refers to system_nrf51.o(i.SystemInit) for SystemInit
    arm_startup_nrf51.o(.text) refers to entry.o(.ARM.Collect$$$$00000000) for __main
    system_nrf51.o(i.SystemCoreClockUpdate) refers to system_nrf51.o(.data) for SystemCoreClock
    system_nrf51.o(i.SystemInit) refers to system_nrf51.o(i.is_manual_peripheral_setup_needed) for is_manual_peripheral_setup_needed
    system_nrf51.o(i.SystemInit) refers to system_nrf51.o(i.is_disabled_in_debug_needed) for is_disabled_in_debug_needed
    nrf_drv_common.o(i.nrf_drv_common_irq_enable) refers to nrf_drv_common.o(i.NVIC_SetPriority) for NVIC_SetPriority
    nrf_drv_gpiote.o(i.GPIOTE_IRQHandler) refers to nrf_drv_gpiote.o(i.nrf_gpiote_event_is_set) for nrf_gpiote_event_is_set
    nrf_drv_gpiote.o(i.GPIOTE_IRQHandler) refers to nrf_drv_gpiote.o(i.nrf_gpiote_event_clear) for nrf_gpiote_event_clear
    nrf_drv_gpiote.o(i.GPIOTE_IRQHandler) refers to nrf_drv_gpiote.o(i.channel_handler_get) for channel_handler_get
    nrf_drv_gpiote.o(i.GPIOTE_IRQHandler) refers to nrf_drv_gpiote.o(i.channel_port_get) for channel_port_get
    nrf_drv_gpiote.o(i.GPIOTE_IRQHandler) refers to nrf_drv_gpiote.o(i.nrf_gpio_cfg_sense_set) for nrf_gpio_cfg_sense_set
    nrf_drv_gpiote.o(i.GPIOTE_IRQHandler) refers to nrf_drv_gpiote.o(.bss) for m_cb
    nrf_drv_gpiote.o(i.channel_free) refers to nrf_drv_gpiote.o(.bss) for m_cb
    nrf_drv_gpiote.o(i.channel_handler_get) refers to nrf_drv_gpiote.o(.bss) for m_cb
    nrf_drv_gpiote.o(i.channel_port_alloc) refers to nrf_drv_gpiote.o(.bss) for m_cb
    nrf_drv_gpiote.o(i.channel_port_get) refers to nrf_drv_gpiote.o(.bss) for m_cb
    nrf_drv_gpiote.o(i.nrf_drv_gpiote_in_event_addr_get) refers to nrf_drv_gpiote.o(i.channel_port_get) for channel_port_get
    nrf_drv_gpiote.o(i.nrf_drv_gpiote_in_event_addr_get) refers to nrf_drv_gpiote.o(i.nrf_gpiote_event_addr_get) for nrf_gpiote_event_addr_get
    nrf_drv_gpiote.o(i.nrf_drv_gpiote_in_event_disable) refers to nrf_drv_gpiote.o(i.pin_in_use_by_port) for pin_in_use_by_port
    nrf_drv_gpiote.o(i.nrf_drv_gpiote_in_event_disable) refers to nrf_drv_gpiote.o(i.nrf_gpio_cfg_sense_set) for nrf_gpio_cfg_sense_set
    nrf_drv_gpiote.o(i.nrf_drv_gpiote_in_event_disable) refers to nrf_drv_gpiote.o(i.pin_in_use_by_te) for pin_in_use_by_te
    nrf_drv_gpiote.o(i.nrf_drv_gpiote_in_event_disable) refers to nrf_drv_gpiote.o(i.channel_port_get) for channel_port_get
    nrf_drv_gpiote.o(i.nrf_drv_gpiote_in_event_enable) refers to nrf_drv_gpiote.o(i.pin_in_use_by_port) for pin_in_use_by_port
    nrf_drv_gpiote.o(i.nrf_drv_gpiote_in_event_enable) refers to nrf_drv_gpiote.o(i.channel_port_get) for channel_port_get
    nrf_drv_gpiote.o(i.nrf_drv_gpiote_in_event_enable) refers to nrf_drv_gpiote.o(i.nrf_gpio_cfg_sense_set) for nrf_gpio_cfg_sense_set
    nrf_drv_gpiote.o(i.nrf_drv_gpiote_in_event_enable) refers to nrf_drv_gpiote.o(i.pin_in_use_by_te) for pin_in_use_by_te
    nrf_drv_gpiote.o(i.nrf_drv_gpiote_in_event_enable) refers to nrf_drv_gpiote.o(i.nrf_gpiote_event_clear) for nrf_gpiote_event_clear
    nrf_drv_gpiote.o(i.nrf_drv_gpiote_in_event_enable) refers to nrf_drv_gpiote.o(i.channel_handler_get) for channel_handler_get
    nrf_drv_gpiote.o(i.nrf_drv_gpiote_in_event_enable) refers to nrf_drv_gpiote.o(i.nrf_gpiote_int_enable) for nrf_gpiote_int_enable
    nrf_drv_gpiote.o(i.nrf_drv_gpiote_in_event_enable) refers to nrf_drv_gpiote.o(.bss) for m_cb
    nrf_drv_gpiote.o(i.nrf_drv_gpiote_in_init) refers to nrf_drv_gpiote.o(i.pin_in_use_by_gpiote) for pin_in_use_by_gpiote
    nrf_drv_gpiote.o(i.nrf_drv_gpiote_in_init) refers to nrf_drv_gpiote.o(i.channel_port_alloc) for channel_port_alloc
    nrf_drv_gpiote.o(i.nrf_drv_gpiote_in_init) refers to nrf_drv_gpiote.o(i.nrf_gpio_cfg) for nrf_gpio_cfg
    nrf_drv_gpiote.o(i.nrf_drv_gpiote_in_init) refers to nrf_drv_gpiote.o(.bss) for m_cb
    nrf_drv_gpiote.o(i.nrf_drv_gpiote_in_uninit) refers to nrf_drv_gpiote.o(i.nrf_drv_gpiote_in_event_disable) for nrf_drv_gpiote_in_event_disable
    nrf_drv_gpiote.o(i.nrf_drv_gpiote_in_uninit) refers to nrf_drv_gpiote.o(i.pin_in_use_by_te) for pin_in_use_by_te
    nrf_drv_gpiote.o(i.nrf_drv_gpiote_in_uninit) refers to nrf_drv_gpiote.o(i.channel_port_get) for channel_port_get
    nrf_drv_gpiote.o(i.nrf_drv_gpiote_in_uninit) refers to nrf_drv_gpiote.o(i.nrf_gpiote_te_default) for nrf_gpiote_te_default
    nrf_drv_gpiote.o(i.nrf_drv_gpiote_in_uninit) refers to nrf_drv_gpiote.o(i.nrf_gpio_cfg_default) for nrf_gpio_cfg_default
    nrf_drv_gpiote.o(i.nrf_drv_gpiote_in_uninit) refers to nrf_drv_gpiote.o(i.channel_free) for channel_free
    nrf_drv_gpiote.o(i.nrf_drv_gpiote_in_uninit) refers to nrf_drv_gpiote.o(i.pin_in_use_clear) for pin_in_use_clear
    nrf_drv_gpiote.o(i.nrf_drv_gpiote_init) refers to nrf_drv_gpiote.o(i.pin_in_use_clear) for pin_in_use_clear
    nrf_drv_gpiote.o(i.nrf_drv_gpiote_init) refers to nrf_drv_gpiote.o(i.channel_free) for channel_free
    nrf_drv_gpiote.o(i.nrf_drv_gpiote_init) refers to nrf_drv_common.o(i.nrf_drv_common_irq_enable) for nrf_drv_common_irq_enable
    nrf_drv_gpiote.o(i.nrf_drv_gpiote_init) refers to nrf_drv_gpiote.o(i.nrf_gpiote_int_enable) for nrf_gpiote_int_enable
    nrf_drv_gpiote.o(i.nrf_drv_gpiote_init) refers to nrf_drv_gpiote.o(.bss) for m_cb
    nrf_drv_gpiote.o(i.nrf_drv_gpiote_is_init) refers to nrf_drv_gpiote.o(.bss) for m_cb
    nrf_drv_gpiote.o(i.nrf_drv_gpiote_out_clear) refers to nrf_drv_gpiote.o(i.nrf_gpio_pin_clear) for nrf_gpio_pin_clear
    nrf_drv_gpiote.o(i.nrf_drv_gpiote_out_init) refers to nrf_drv_gpiote.o(i.channel_port_alloc) for channel_port_alloc
    nrf_drv_gpiote.o(i.nrf_drv_gpiote_out_init) refers to nrf_drv_gpiote.o(i.nrf_gpio_pin_set) for nrf_gpio_pin_set
    nrf_drv_gpiote.o(i.nrf_drv_gpiote_out_init) refers to nrf_drv_gpiote.o(i.nrf_gpio_pin_clear) for nrf_gpio_pin_clear
    nrf_drv_gpiote.o(i.nrf_drv_gpiote_out_init) refers to nrf_drv_gpiote.o(i.nrf_gpio_cfg) for nrf_gpio_cfg
    nrf_drv_gpiote.o(i.nrf_drv_gpiote_out_init) refers to nrf_drv_gpiote.o(.bss) for m_cb
    nrf_drv_gpiote.o(i.nrf_drv_gpiote_out_set) refers to nrf_drv_gpiote.o(i.nrf_gpio_pin_set) for nrf_gpio_pin_set
    nrf_drv_gpiote.o(i.nrf_drv_gpiote_out_task_addr_get) refers to nrf_drv_gpiote.o(i.channel_port_get) for channel_port_get
    nrf_drv_gpiote.o(i.nrf_drv_gpiote_out_task_disable) refers to nrf_drv_gpiote.o(.bss) for m_cb
    nrf_drv_gpiote.o(i.nrf_drv_gpiote_out_task_enable) refers to nrf_drv_gpiote.o(.bss) for m_cb
    nrf_drv_gpiote.o(i.nrf_drv_gpiote_out_task_force) refers to nrf_drv_gpiote.o(.bss) for m_cb
    nrf_drv_gpiote.o(i.nrf_drv_gpiote_out_task_trigger) refers to nrf_drv_gpiote.o(i.channel_port_get) for channel_port_get
    nrf_drv_gpiote.o(i.nrf_drv_gpiote_out_uninit) refers to nrf_drv_gpiote.o(i.pin_in_use_by_te) for pin_in_use_by_te
    nrf_drv_gpiote.o(i.nrf_drv_gpiote_out_uninit) refers to nrf_drv_gpiote.o(i.channel_port_get) for channel_port_get
    nrf_drv_gpiote.o(i.nrf_drv_gpiote_out_uninit) refers to nrf_drv_gpiote.o(i.channel_free) for channel_free
    nrf_drv_gpiote.o(i.nrf_drv_gpiote_out_uninit) refers to nrf_drv_gpiote.o(i.nrf_gpiote_te_default) for nrf_gpiote_te_default
    nrf_drv_gpiote.o(i.nrf_drv_gpiote_out_uninit) refers to nrf_drv_gpiote.o(i.pin_in_use_clear) for pin_in_use_clear
    nrf_drv_gpiote.o(i.nrf_drv_gpiote_out_uninit) refers to nrf_drv_gpiote.o(i.nrf_gpio_cfg_default) for nrf_gpio_cfg_default
    nrf_drv_gpiote.o(i.nrf_drv_gpiote_uninit) refers to nrf_drv_gpiote.o(i.nrf_drv_gpiote_out_uninit) for nrf_drv_gpiote_out_uninit
    nrf_drv_gpiote.o(i.nrf_drv_gpiote_uninit) refers to nrf_drv_gpiote.o(i.pin_in_use_by_gpiote) for pin_in_use_by_gpiote
    nrf_drv_gpiote.o(i.nrf_drv_gpiote_uninit) refers to nrf_drv_gpiote.o(i.nrf_drv_gpiote_in_uninit) for nrf_drv_gpiote_in_uninit
    nrf_drv_gpiote.o(i.nrf_drv_gpiote_uninit) refers to nrf_drv_gpiote.o(.bss) for m_cb
    nrf_drv_gpiote.o(i.nrf_gpio_cfg_default) refers to nrf_drv_gpiote.o(i.nrf_gpio_cfg) for nrf_gpio_cfg
    nrf_drv_gpiote.o(i.nrf_gpiote_event_clear) refers to nrf_drv_gpiote.o(i.nrf_gpiote_event_addr_get) for nrf_gpiote_event_addr_get
    nrf_drv_gpiote.o(i.nrf_gpiote_event_is_set) refers to nrf_drv_gpiote.o(i.nrf_gpiote_event_addr_get) for nrf_gpiote_event_addr_get
    nrf_drv_gpiote.o(i.pin_in_use_by_gpiote) refers to nrf_drv_gpiote.o(.bss) for m_cb
    nrf_drv_gpiote.o(i.pin_in_use_by_port) refers to nrf_drv_gpiote.o(.bss) for m_cb
    nrf_drv_gpiote.o(i.pin_in_use_by_te) refers to nrf_drv_gpiote.o(.bss) for m_cb
    nrf_drv_gpiote.o(i.pin_in_use_clear) refers to nrf_drv_gpiote.o(.bss) for m_cb
    nrf_drv_timer.o(i.TIMER0_IRQHandler) refers to nrf_drv_timer.o(i.irq_handler) for irq_handler
    nrf_drv_timer.o(i.TIMER0_IRQHandler) refers to nrf_drv_timer.o(.bss) for m_cb
    nrf_drv_timer.o(i.TIMER1_IRQHandler) refers to nrf_drv_timer.o(i.irq_handler) for irq_handler
    nrf_drv_timer.o(i.TIMER1_IRQHandler) refers to nrf_drv_timer.o(.bss) for m_cb
    nrf_drv_timer.o(i.irq_handler) refers to nrf_drv_timer.o(i.nrf_timer_compare_event_get) for nrf_timer_compare_event_get
    nrf_drv_timer.o(i.irq_handler) refers to nrf_drv_timer.o(i.nrf_timer_compare_int_get) for nrf_timer_compare_int_get
    nrf_drv_timer.o(i.irq_handler) refers to nrf_drv_timer.o(i.nrf_timer_event_clear) for nrf_timer_event_clear
    nrf_drv_timer.o(i.nrf_drv_timer_capture) refers to nrf_drv_timer.o(i.nrf_timer_task_trigger) for nrf_timer_task_trigger
    nrf_drv_timer.o(i.nrf_drv_timer_clear) refers to nrf_drv_timer.o(i.nrf_timer_task_trigger) for nrf_timer_task_trigger
    nrf_drv_timer.o(i.nrf_drv_timer_compare) refers to nrf_drv_timer.o(i.nrf_timer_compare_int_get) for nrf_timer_compare_int_get
    nrf_drv_timer.o(i.nrf_drv_timer_compare) refers to nrf_drv_timer.o(i.nrf_timer_int_enable) for nrf_timer_int_enable
    nrf_drv_timer.o(i.nrf_drv_timer_compare) refers to nrf_drv_timer.o(i.nrf_timer_int_disable) for nrf_timer_int_disable
    nrf_drv_timer.o(i.nrf_drv_timer_compare_int_disable) refers to nrf_drv_timer.o(i.nrf_timer_compare_int_get) for nrf_timer_compare_int_get
    nrf_drv_timer.o(i.nrf_drv_timer_compare_int_disable) refers to nrf_drv_timer.o(i.nrf_timer_int_disable) for nrf_timer_int_disable
    nrf_drv_timer.o(i.nrf_drv_timer_compare_int_enable) refers to nrf_drv_timer.o(i.nrf_timer_compare_event_get) for nrf_timer_compare_event_get
    nrf_drv_timer.o(i.nrf_drv_timer_compare_int_enable) refers to nrf_drv_timer.o(i.nrf_timer_event_clear) for nrf_timer_event_clear
    nrf_drv_timer.o(i.nrf_drv_timer_compare_int_enable) refers to nrf_drv_timer.o(i.nrf_timer_compare_int_get) for nrf_timer_compare_int_get
    nrf_drv_timer.o(i.nrf_drv_timer_compare_int_enable) refers to nrf_drv_timer.o(i.nrf_timer_int_enable) for nrf_timer_int_enable
    nrf_drv_timer.o(i.nrf_drv_timer_disable) refers to nrf_drv_timer.o(i.nrf_timer_task_trigger) for nrf_timer_task_trigger
    nrf_drv_timer.o(i.nrf_drv_timer_disable) refers to nrf_drv_timer.o(.bss) for m_cb
    nrf_drv_timer.o(i.nrf_drv_timer_enable) refers to nrf_drv_timer.o(i.nrf_timer_task_trigger) for nrf_timer_task_trigger
    nrf_drv_timer.o(i.nrf_drv_timer_enable) refers to nrf_drv_timer.o(.bss) for m_cb
    nrf_drv_timer.o(i.nrf_drv_timer_extended_compare) refers to nrf_drv_timer.o(i.nrf_timer_shorts_disable) for nrf_timer_shorts_disable
    nrf_drv_timer.o(i.nrf_drv_timer_extended_compare) refers to nrf_drv_timer.o(i.nrf_drv_timer_compare) for nrf_drv_timer_compare
    nrf_drv_timer.o(i.nrf_drv_timer_increment) refers to nrf_drv_timer.o(i.nrf_timer_task_trigger) for nrf_timer_task_trigger
    nrf_drv_timer.o(i.nrf_drv_timer_init) refers to nrf_drv_timer.o(i.nrf_timer_compare_event_get) for nrf_timer_compare_event_get
    nrf_drv_timer.o(i.nrf_drv_timer_init) refers to nrf_drv_timer.o(i.nrf_timer_event_clear) for nrf_timer_event_clear
    nrf_drv_timer.o(i.nrf_drv_timer_init) refers to nrf_drv_timer.o(i.nrf_drv_get_IRQn) for nrf_drv_get_IRQn
    nrf_drv_timer.o(i.nrf_drv_timer_init) refers to nrf_drv_common.o(i.nrf_drv_common_irq_enable) for nrf_drv_common_irq_enable
    nrf_drv_timer.o(i.nrf_drv_timer_init) refers to nrf_drv_timer.o(.bss) for m_cb
    nrf_drv_timer.o(i.nrf_drv_timer_init) refers to nrf_drv_timer.o(.constdata) for m_default_config
    nrf_drv_timer.o(i.nrf_drv_timer_pause) refers to nrf_drv_timer.o(i.nrf_timer_task_trigger) for nrf_timer_task_trigger
    nrf_drv_timer.o(i.nrf_drv_timer_resume) refers to nrf_drv_timer.o(i.nrf_timer_task_trigger) for nrf_timer_task_trigger
    nrf_drv_timer.o(i.nrf_drv_timer_uninit) refers to nrf_drv_timer.o(i.nrf_drv_get_IRQn) for nrf_drv_get_IRQn
    nrf_drv_timer.o(i.nrf_drv_timer_uninit) refers to nrf_drv_timer.o(i.nrf_timer_shorts_disable) for nrf_timer_shorts_disable
    nrf_drv_timer.o(i.nrf_drv_timer_uninit) refers to nrf_drv_timer.o(i.nrf_timer_int_disable) for nrf_timer_int_disable
    nrf_drv_timer.o(i.nrf_drv_timer_uninit) refers to nrf_drv_timer.o(i.nrf_drv_timer_disable) for nrf_drv_timer_disable
    nrf_drv_timer.o(i.nrf_drv_timer_uninit) refers to nrf_drv_timer.o(.bss) for m_cb
    nrf_delay.o(i.nrf_delay_ms) refers to nrf_delay.o(.emb_text) for __asm___11_nrf_delay_c_532987f3__nrf_delay_us
    nrf_drv_ppi.o(i.is_allocated_channel) refers to nrf_drv_ppi.o(i.nrf_drv_ppi_channel_to_mask) for nrf_drv_ppi_channel_to_mask
    nrf_drv_ppi.o(i.is_allocated_channel) refers to nrf_drv_ppi.o(.data) for m_channels_allocated
    nrf_drv_ppi.o(i.is_allocated_group) refers to nrf_drv_ppi.o(i.group_to_mask) for group_to_mask
    nrf_drv_ppi.o(i.is_allocated_group) refers to nrf_drv_ppi.o(.data) for m_groups_allocated
    nrf_drv_ppi.o(i.is_app_channel) refers to nrf_drv_ppi.o(i.nrf_drv_ppi_channel_to_mask) for nrf_drv_ppi_channel_to_mask
    nrf_drv_ppi.o(i.is_app_channel) refers to nrf_drv_ppi.o(i.are_app_channels) for are_app_channels
    nrf_drv_ppi.o(i.is_app_group) refers to nrf_drv_ppi.o(i.group_to_mask) for group_to_mask
    nrf_drv_ppi.o(i.is_programmable_app_channel) refers to nrf_drv_ppi.o(i.nrf_drv_ppi_channel_to_mask) for nrf_drv_ppi_channel_to_mask
    nrf_drv_ppi.o(i.nrf_drv_ppi_channel_alloc) refers to app_util_platform.o(i.critical_region_enter) for critical_region_enter
    nrf_drv_ppi.o(i.nrf_drv_ppi_channel_alloc) refers to nrf_drv_ppi.o(i.nrf_drv_ppi_channel_to_mask) for nrf_drv_ppi_channel_to_mask
    nrf_drv_ppi.o(i.nrf_drv_ppi_channel_alloc) refers to nrf_drv_ppi.o(i.is_allocated_channel) for is_allocated_channel
    nrf_drv_ppi.o(i.nrf_drv_ppi_channel_alloc) refers to app_util_platform.o(i.critical_region_exit) for critical_region_exit
    nrf_drv_ppi.o(i.nrf_drv_ppi_channel_alloc) refers to nrf_drv_ppi.o(.data) for m_channels_allocated
    nrf_drv_ppi.o(i.nrf_drv_ppi_channel_assign) refers to nrf_drv_ppi.o(i.is_programmable_app_channel) for is_programmable_app_channel
    nrf_drv_ppi.o(i.nrf_drv_ppi_channel_assign) refers to nrf_drv_ppi.o(i.is_allocated_channel) for is_allocated_channel
    nrf_drv_ppi.o(i.nrf_drv_ppi_channel_disable) refers to nrf_drv_ppi.o(i.is_app_channel) for is_app_channel
    nrf_drv_ppi.o(i.nrf_drv_ppi_channel_disable) refers to nrf_drv_ppi.o(i.is_programmable_app_channel) for is_programmable_app_channel
    nrf_drv_ppi.o(i.nrf_drv_ppi_channel_disable) refers to nrf_drv_ppi.o(i.is_allocated_channel) for is_allocated_channel
    nrf_drv_ppi.o(i.nrf_drv_ppi_channel_disable) refers to nrf_drv_ppi.o(i.nrf_ppi_channel_disable) for nrf_ppi_channel_disable
    nrf_drv_ppi.o(i.nrf_drv_ppi_channel_enable) refers to nrf_drv_ppi.o(i.is_app_channel) for is_app_channel
    nrf_drv_ppi.o(i.nrf_drv_ppi_channel_enable) refers to nrf_drv_ppi.o(i.is_programmable_app_channel) for is_programmable_app_channel
    nrf_drv_ppi.o(i.nrf_drv_ppi_channel_enable) refers to nrf_drv_ppi.o(i.is_allocated_channel) for is_allocated_channel
    nrf_drv_ppi.o(i.nrf_drv_ppi_channel_free) refers to nrf_drv_ppi.o(i.is_programmable_app_channel) for is_programmable_app_channel
    nrf_drv_ppi.o(i.nrf_drv_ppi_channel_free) refers to nrf_drv_ppi.o(i.nrf_ppi_channel_disable) for nrf_ppi_channel_disable
    nrf_drv_ppi.o(i.nrf_drv_ppi_channel_free) refers to app_util_platform.o(i.critical_region_enter) for critical_region_enter
    nrf_drv_ppi.o(i.nrf_drv_ppi_channel_free) refers to nrf_drv_ppi.o(i.nrf_drv_ppi_channel_to_mask) for nrf_drv_ppi_channel_to_mask
    nrf_drv_ppi.o(i.nrf_drv_ppi_channel_free) refers to app_util_platform.o(i.critical_region_exit) for critical_region_exit
    nrf_drv_ppi.o(i.nrf_drv_ppi_channel_free) refers to nrf_drv_ppi.o(.data) for m_channels_allocated
    nrf_drv_ppi.o(i.nrf_drv_ppi_channels_include_in_group) refers to nrf_drv_ppi.o(i.is_app_group) for is_app_group
    nrf_drv_ppi.o(i.nrf_drv_ppi_channels_include_in_group) refers to nrf_drv_ppi.o(i.is_allocated_group) for is_allocated_group
    nrf_drv_ppi.o(i.nrf_drv_ppi_channels_include_in_group) refers to nrf_drv_ppi.o(i.are_app_channels) for are_app_channels
    nrf_drv_ppi.o(i.nrf_drv_ppi_channels_include_in_group) refers to app_util_platform.o(i.critical_region_enter) for critical_region_enter
    nrf_drv_ppi.o(i.nrf_drv_ppi_channels_include_in_group) refers to app_util_platform.o(i.critical_region_exit) for critical_region_exit
    nrf_drv_ppi.o(i.nrf_drv_ppi_channels_remove_from_group) refers to nrf_drv_ppi.o(i.is_app_group) for is_app_group
    nrf_drv_ppi.o(i.nrf_drv_ppi_channels_remove_from_group) refers to nrf_drv_ppi.o(i.is_allocated_group) for is_allocated_group
    nrf_drv_ppi.o(i.nrf_drv_ppi_channels_remove_from_group) refers to nrf_drv_ppi.o(i.are_app_channels) for are_app_channels
    nrf_drv_ppi.o(i.nrf_drv_ppi_channels_remove_from_group) refers to app_util_platform.o(i.critical_region_enter) for critical_region_enter
    nrf_drv_ppi.o(i.nrf_drv_ppi_channels_remove_from_group) refers to app_util_platform.o(i.critical_region_exit) for critical_region_exit
    nrf_drv_ppi.o(i.nrf_drv_ppi_group_alloc) refers to app_util_platform.o(i.critical_region_enter) for critical_region_enter
    nrf_drv_ppi.o(i.nrf_drv_ppi_group_alloc) refers to nrf_drv_ppi.o(i.group_to_mask) for group_to_mask
    nrf_drv_ppi.o(i.nrf_drv_ppi_group_alloc) refers to nrf_drv_ppi.o(i.is_allocated_group) for is_allocated_group
    nrf_drv_ppi.o(i.nrf_drv_ppi_group_alloc) refers to app_util_platform.o(i.critical_region_exit) for critical_region_exit
    nrf_drv_ppi.o(i.nrf_drv_ppi_group_alloc) refers to nrf_drv_ppi.o(.data) for m_groups_allocated
    nrf_drv_ppi.o(i.nrf_drv_ppi_group_disable) refers to nrf_drv_ppi.o(i.is_app_group) for is_app_group
    nrf_drv_ppi.o(i.nrf_drv_ppi_group_disable) refers to nrf_drv_ppi.o(i.nrf_ppi_group_disable) for nrf_ppi_group_disable
    nrf_drv_ppi.o(i.nrf_drv_ppi_group_enable) refers to nrf_drv_ppi.o(i.is_app_group) for is_app_group
    nrf_drv_ppi.o(i.nrf_drv_ppi_group_enable) refers to nrf_drv_ppi.o(i.is_allocated_group) for is_allocated_group
    nrf_drv_ppi.o(i.nrf_drv_ppi_group_free) refers to nrf_drv_ppi.o(i.is_app_group) for is_app_group
    nrf_drv_ppi.o(i.nrf_drv_ppi_group_free) refers to nrf_drv_ppi.o(i.is_allocated_group) for is_allocated_group
    nrf_drv_ppi.o(i.nrf_drv_ppi_group_free) refers to nrf_drv_ppi.o(i.nrf_ppi_group_disable) for nrf_ppi_group_disable
    nrf_drv_ppi.o(i.nrf_drv_ppi_group_free) refers to app_util_platform.o(i.critical_region_enter) for critical_region_enter
    nrf_drv_ppi.o(i.nrf_drv_ppi_group_free) refers to nrf_drv_ppi.o(i.group_to_mask) for group_to_mask
    nrf_drv_ppi.o(i.nrf_drv_ppi_group_free) refers to app_util_platform.o(i.critical_region_exit) for critical_region_exit
    nrf_drv_ppi.o(i.nrf_drv_ppi_group_free) refers to nrf_drv_ppi.o(.data) for m_groups_allocated
    nrf_drv_ppi.o(i.nrf_drv_ppi_init) refers to nrf_drv_ppi.o(.data) for m_drv_state
    nrf_drv_ppi.o(i.nrf_drv_ppi_uninit) refers to nrf_drv_ppi.o(i.group_to_mask) for group_to_mask
    nrf_drv_ppi.o(i.nrf_drv_ppi_uninit) refers to nrf_drv_ppi.o(.data) for m_drv_state
    app_error.o(i.app_error_handler) refers to app_error.o(i.app_error_fault_handler) for app_error_fault_handler
    app_error.o(i.app_error_handler_bare) refers to app_error.o(i.app_error_fault_handler) for app_error_fault_handler
    app_error.o(i.app_error_save_and_stop) refers to app_error.o(.bss) for m_error_data
    app_util_platform.o(i.critical_region_enter) refers to app_util_platform.o(.data) for m_in_critical_region
    app_util_platform.o(i.critical_region_exit) refers to app_util_platform.o(.data) for m_in_critical_region
    entry.o(.ARM.Collect$$$$00000000) refers (Special) to entry10a.o(.ARM.Collect$$$$0000000D) for __rt_final_cpp
    entry.o(.ARM.Collect$$$$00000000) refers (Special) to entry11a.o(.ARM.Collect$$$$0000000F) for __rt_final_exit
    entry.o(.ARM.Collect$$$$00000000) refers (Special) to entry7b.o(.ARM.Collect$$$$00000008) for _main_clock
    entry.o(.ARM.Collect$$$$00000000) refers (Special) to entry8b.o(.ARM.Collect$$$$0000000A) for _main_cpp_init
    entry.o(.ARM.Collect$$$$00000000) refers (Special) to entry9a.o(.ARM.Collect$$$$0000000B) for _main_init
    entry.o(.ARM.Collect$$$$00000000) refers (Special) to entry5.o(.ARM.Collect$$$$00000004) for _main_scatterload
    entry.o(.ARM.Collect$$$$00000000) refers (Special) to entry2.o(.ARM.Collect$$$$00000001) for _main_stk
    entry2.o(.ARM.Collect$$$$00000001) refers to entry2.o(.ARM.Collect$$$$00002712) for __lit__00000000
    entry2.o(.ARM.Collect$$$$00002712) refers to arm_startup_nrf51.o(STACK) for __initial_sp
    entry2.o(__vectab_stack_and_reset_area) refers to arm_startup_nrf51.o(STACK) for __initial_sp
    entry2.o(__vectab_stack_and_reset_area) refers to entry.o(.ARM.Collect$$$$00000000) for __main
    entry5.o(.ARM.Collect$$$$00000004) refers to init.o(.text) for __scatterload
    entry9a.o(.ARM.Collect$$$$0000000B) refers to main.o(i.main) for main
    entry9b.o(.ARM.Collect$$$$0000000C) refers to main.o(i.main) for main
    init.o(.text) refers to entry5.o(.ARM.Collect$$$$00000004) for __main_after_scatterload


==============================================================================

Removing Unused input sections from the image.

    Removing main.o(.rev16_text), (4 bytes).
    Removing main.o(.revsh_text), (4 bytes).
    Removing main.o(.emb_text), (30 bytes).
    Removing main.o(i.moist_sens_input_handler), (2 bytes).
    Removing arm_startup_nrf51.o(HEAP), (2048 bytes).
    Removing system_nrf51.o(.rev16_text), (4 bytes).
    Removing system_nrf51.o(.revsh_text), (4 bytes).
    Removing system_nrf51.o(i.SystemCoreClockUpdate), (16 bytes).
    Removing nrf_drv_common.o(.rev16_text), (4 bytes).
    Removing nrf_drv_common.o(.revsh_text), (4 bytes).
    Removing nrf_drv_gpiote.o(.rev16_text), (4 bytes).
    Removing nrf_drv_gpiote.o(.revsh_text), (4 bytes).
    Removing nrf_drv_gpiote.o(i.nrf_drv_gpiote_in_event_disable), (96 bytes).
    Removing nrf_drv_gpiote.o(i.nrf_drv_gpiote_in_is_set), (32 bytes).
    Removing nrf_drv_gpiote.o(i.nrf_drv_gpiote_in_uninit), (60 bytes).
    Removing nrf_drv_gpiote.o(i.nrf_drv_gpiote_is_init), (20 bytes).
    Removing nrf_drv_gpiote.o(i.nrf_drv_gpiote_out_clear), (12 bytes).
    Removing nrf_drv_gpiote.o(i.nrf_drv_gpiote_out_set), (12 bytes).
    Removing nrf_drv_gpiote.o(i.nrf_drv_gpiote_out_task_disable), (48 bytes).
    Removing nrf_drv_gpiote.o(i.nrf_drv_gpiote_out_task_force), (76 bytes).
    Removing nrf_drv_gpiote.o(i.nrf_drv_gpiote_out_task_trigger), (32 bytes).
    Removing nrf_drv_gpiote.o(i.nrf_drv_gpiote_out_toggle), (36 bytes).
    Removing nrf_drv_gpiote.o(i.nrf_drv_gpiote_out_uninit), (54 bytes).
    Removing nrf_drv_gpiote.o(i.nrf_drv_gpiote_uninit), (72 bytes).
    Removing nrf_drv_gpiote.o(i.nrf_gpio_cfg_default), (24 bytes).
    Removing nrf_drv_gpiote.o(i.nrf_gpiote_te_default), (20 bytes).
    Removing nrf_drv_timer.o(.rev16_text), (4 bytes).
    Removing nrf_drv_timer.o(.revsh_text), (4 bytes).
    Removing nrf_drv_timer.o(i.nrf_drv_timer_compare_int_disable), (24 bytes).
    Removing nrf_drv_timer.o(i.nrf_drv_timer_compare_int_enable), (40 bytes).
    Removing nrf_drv_timer.o(i.nrf_drv_timer_disable), (32 bytes).
    Removing nrf_drv_timer.o(i.nrf_drv_timer_increment), (14 bytes).
    Removing nrf_drv_timer.o(i.nrf_drv_timer_pause), (14 bytes).
    Removing nrf_drv_timer.o(i.nrf_drv_timer_resume), (14 bytes).
    Removing nrf_drv_timer.o(i.nrf_drv_timer_uninit), (80 bytes).
    Removing nrf_delay.o(.rev16_text), (4 bytes).
    Removing nrf_delay.o(.revsh_text), (4 bytes).
    Removing nrf_drv_ppi.o(.rev16_text), (4 bytes).
    Removing nrf_drv_ppi.o(.revsh_text), (4 bytes).
    Removing nrf_drv_ppi.o(i.group_to_mask), (8 bytes).
    Removing nrf_drv_ppi.o(i.is_allocated_group), (32 bytes).
    Removing nrf_drv_ppi.o(i.is_app_group), (26 bytes).
    Removing nrf_drv_ppi.o(i.nrf_drv_ppi_channel_disable), (52 bytes).
    Removing nrf_drv_ppi.o(i.nrf_drv_ppi_channel_fork_assign), (6 bytes).
    Removing nrf_drv_ppi.o(i.nrf_drv_ppi_channel_free), (60 bytes).
    Removing nrf_drv_ppi.o(i.nrf_drv_ppi_channels_include_in_group), (92 bytes).
    Removing nrf_drv_ppi.o(i.nrf_drv_ppi_channels_remove_from_group), (92 bytes).
    Removing nrf_drv_ppi.o(i.nrf_drv_ppi_group_alloc), (104 bytes).
    Removing nrf_drv_ppi.o(i.nrf_drv_ppi_group_disable), (28 bytes).
    Removing nrf_drv_ppi.o(i.nrf_drv_ppi_group_enable), (56 bytes).
    Removing nrf_drv_ppi.o(i.nrf_drv_ppi_group_free), (76 bytes).
    Removing nrf_drv_ppi.o(i.nrf_drv_ppi_uninit), (148 bytes).
    Removing nrf_drv_ppi.o(i.nrf_ppi_channel_disable), (16 bytes).
    Removing nrf_drv_ppi.o(i.nrf_ppi_group_disable), (16 bytes).
    Removing app_error.o(.rev16_text), (4 bytes).
    Removing app_error.o(.revsh_text), (4 bytes).
    Removing app_error.o(i.app_error_handler), (32 bytes).
    Removing app_error.o(i.app_error_save_and_stop), (140 bytes).
    Removing app_error.o(.bss), (32 bytes).
    Removing nrf_assert.o(.rev16_text), (4 bytes).
    Removing nrf_assert.o(.revsh_text), (4 bytes).
    Removing app_util_platform.o(.rev16_text), (4 bytes).
    Removing app_util_platform.o(.revsh_text), (4 bytes).

63 unused section(s) (total 4004 bytes) removed from the image.

==============================================================================

Image Symbol Table

    Local Symbols

    Symbol Name                              Value     Ov Type        Size  Object(Section)

    RESET                                    0x00000000   Section      192  arm_startup_nrf51.o(RESET)
    ../clib/microlib/init/entry.s            0x00000000   Number         0  entry9a.o ABSOLUTE
    ../clib/microlib/init/entry.s            0x00000000   Number         0  entry5.o ABSOLUTE
    ../clib/microlib/init/entry.s            0x00000000   Number         0  entry8b.o ABSOLUTE
    ../clib/microlib/init/entry.s            0x00000000   Number         0  entry8a.o ABSOLUTE
    ../clib/microlib/init/entry.s            0x00000000   Number         0  entry.o ABSOLUTE
    ../clib/microlib/init/entry.s            0x00000000   Number         0  entry7b.o ABSOLUTE
    ../clib/microlib/init/entry.s            0x00000000   Number         0  entry7a.o ABSOLUTE
    ../clib/microlib/init/entry.s            0x00000000   Number         0  entry11b.o ABSOLUTE
    ../clib/microlib/init/entry.s            0x00000000   Number         0  entry9b.o ABSOLUTE
    ../clib/microlib/init/entry.s            0x00000000   Number         0  entry10a.o ABSOLUTE
    ../clib/microlib/init/entry.s            0x00000000   Number         0  entry10b.o ABSOLUTE
    ../clib/microlib/init/entry.s            0x00000000   Number         0  entry2.o ABSOLUTE
    ../clib/microlib/init/entry.s            0x00000000   Number         0  entry11a.o ABSOLUTE
    ..\..\main.c                             0x00000000   Number         0  main.o ABSOLUTE
    ..\\..\\main.c                           0x00000000   Number         0  main.o ABSOLUTE
    C:\Keil_v5\ARM\PACK\NordicSemiconductor\nRF_Drivers\4.0.0-2.alpha\common\nrf_drv_common.c 0x00000000   Number         0  nrf_drv_common.o ABSOLUTE
    C:\Keil_v5\ARM\PACK\NordicSemiconductor\nRF_Drivers\4.0.0-2.alpha\delay\nrf_delay.c 0x00000000   Number         0  nrf_delay.o ABSOLUTE
    C:\Keil_v5\ARM\PACK\NordicSemiconductor\nRF_Drivers\4.0.0-2.alpha\gpiote\nrf_drv_gpiote.c 0x00000000   Number         0  nrf_drv_gpiote.o ABSOLUTE
    C:\Keil_v5\ARM\PACK\NordicSemiconductor\nRF_Drivers\4.0.0-2.alpha\ppi\nrf_drv_ppi.c 0x00000000   Number         0  nrf_drv_ppi.o ABSOLUTE
    C:\Keil_v5\ARM\PACK\NordicSemiconductor\nRF_Drivers\4.0.0-2.alpha\timer\nrf_drv_timer.c 0x00000000   Number         0  nrf_drv_timer.o ABSOLUTE
    C:\\Keil_v5\\ARM\\PACK\\NordicSemiconductor\\nRF_Drivers\\4.0.0-2.alpha\\common\\nrf_drv_common.c 0x00000000   Number         0  nrf_drv_common.o ABSOLUTE
    C:\\Keil_v5\\ARM\\PACK\\NordicSemiconductor\\nRF_Drivers\\4.0.0-2.alpha\\delay\\nrf_delay.c 0x00000000   Number         0  nrf_delay.o ABSOLUTE
    C:\\Keil_v5\\ARM\\PACK\\NordicSemiconductor\\nRF_Drivers\\4.0.0-2.alpha\\gpiote\\nrf_drv_gpiote.c 0x00000000   Number         0  nrf_drv_gpiote.o ABSOLUTE
    C:\\Keil_v5\\ARM\\PACK\\NordicSemiconductor\\nRF_Drivers\\4.0.0-2.alpha\\ppi\\nrf_drv_ppi.c 0x00000000   Number         0  nrf_drv_ppi.o ABSOLUTE
    C:\\Keil_v5\\ARM\\PACK\\NordicSemiconductor\\nRF_Drivers\\4.0.0-2.alpha\\timer\\nrf_drv_timer.c 0x00000000   Number         0  nrf_drv_timer.o ABSOLUTE
    RTE\Device\nRF51422_xxAC\arm_startup_nrf51.s 0x00000000   Number         0  arm_startup_nrf51.o ABSOLUTE
    RTE\Device\nRF51422_xxAC\system_nrf51.c  0x00000000   Number         0  system_nrf51.o ABSOLUTE
    RTE\\Device\\nRF51422_xxAC\\system_nrf51.c 0x00000000   Number         0  system_nrf51.o ABSOLUTE
    RTE\\nRF_Libraries\\nRF51422_xxAC\\app_error.c 0x00000000   Number         0  app_error.o ABSOLUTE
    RTE\\nRF_Libraries\\nRF51422_xxAC\\app_util_platform.c 0x00000000   Number         0  app_util_platform.o ABSOLUTE
    RTE\\nRF_Libraries\\nRF51422_xxAC\\nrf_assert.c 0x00000000   Number         0  nrf_assert.o ABSOLUTE
    RTE\nRF_Libraries\nRF51422_xxAC\app_error.c 0x00000000   Number         0  app_error.o ABSOLUTE
    RTE\nRF_Libraries\nRF51422_xxAC\app_util_platform.c 0x00000000   Number         0  app_util_platform.o ABSOLUTE
    RTE\nRF_Libraries\nRF51422_xxAC\nrf_assert.c 0x00000000   Number         0  nrf_assert.o ABSOLUTE
    dc.s                                     0x00000000   Number         0  dc.o ABSOLUTE
    handlers.s                               0x00000000   Number         0  handlers.o ABSOLUTE
    init.s                                   0x00000000   Number         0  init.o ABSOLUTE
    .ARM.Collect$$$$00000000                 0x000000c0   Section        0  entry.o(.ARM.Collect$$$$00000000)
    .ARM.Collect$$$$00000001                 0x000000c0   Section        4  entry2.o(.ARM.Collect$$$$00000001)
    .ARM.Collect$$$$00000004                 0x000000c4   Section        4  entry5.o(.ARM.Collect$$$$00000004)
    .ARM.Collect$$$$00000008                 0x000000c8   Section        0  entry7b.o(.ARM.Collect$$$$00000008)
    .ARM.Collect$$$$0000000A                 0x000000c8   Section        0  entry8b.o(.ARM.Collect$$$$0000000A)
    .ARM.Collect$$$$0000000B                 0x000000c8   Section        8  entry9a.o(.ARM.Collect$$$$0000000B)
    .ARM.Collect$$$$0000000D                 0x000000d0   Section        0  entry10a.o(.ARM.Collect$$$$0000000D)
    .ARM.Collect$$$$0000000F                 0x000000d0   Section        0  entry11a.o(.ARM.Collect$$$$0000000F)
    .ARM.Collect$$$$00002712                 0x000000d0   Section        4  entry2.o(.ARM.Collect$$$$00002712)
    __lit__00000000                          0x000000d0   Data           4  entry2.o(.ARM.Collect$$$$00002712)
    .emb_text                                0x000000d4   Section       30  nrf_delay.o(.emb_text)
    .text                                    0x000000f4   Section       56  arm_startup_nrf51.o(.text)
    .text                                    0x0000012c   Section       36  init.o(.text)
    i.GPIOTE_IRQHandler                      0x00000150   Section        0  nrf_drv_gpiote.o(i.GPIOTE_IRQHandler)
    i.NVIC_SetPriority                       0x000002dc   Section        0  nrf_drv_common.o(i.NVIC_SetPriority)
    NVIC_SetPriority                         0x000002dd   Thumb Code   110  nrf_drv_common.o(i.NVIC_SetPriority)
    i.SystemInit                             0x00000354   Section        0  system_nrf51.o(i.SystemInit)
    i.TIMER0_IRQHandler                      0x0000038c   Section        0  nrf_drv_timer.o(i.TIMER0_IRQHandler)
    i.TIMER1_IRQHandler                      0x000003a4   Section        0  nrf_drv_timer.o(i.TIMER1_IRQHandler)
    i.__scatterload_copy                     0x000003bc   Section       14  handlers.o(i.__scatterload_copy)
    i.__scatterload_null                     0x000003ca   Section        2  handlers.o(i.__scatterload_null)
    i.__scatterload_zeroinit                 0x000003cc   Section       14  handlers.o(i.__scatterload_zeroinit)
    i.app_error_fault_handler                0x000003dc   Section        0  app_error.o(i.app_error_fault_handler)
    i.app_error_handler_bare                 0x00000414   Section        0  app_error.o(i.app_error_handler_bare)
    i.are_app_channels                       0x00000430   Section        0  nrf_drv_ppi.o(i.are_app_channels)
    are_app_channels                         0x00000431   Thumb Code    20  nrf_drv_ppi.o(i.are_app_channels)
    i.channel_free                           0x00000444   Section        0  nrf_drv_gpiote.o(i.channel_free)
    channel_free                             0x00000445   Thumb Code    26  nrf_drv_gpiote.o(i.channel_free)
    i.channel_handler_get                    0x00000464   Section        0  nrf_drv_gpiote.o(i.channel_handler_get)
    channel_handler_get                      0x00000465   Thumb Code    10  nrf_drv_gpiote.o(i.channel_handler_get)
    i.channel_port_alloc                     0x00000474   Section        0  nrf_drv_gpiote.o(i.channel_port_alloc)
    channel_port_alloc                       0x00000475   Thumb Code   116  nrf_drv_gpiote.o(i.channel_port_alloc)
    i.channel_port_get                       0x000004ec   Section        0  nrf_drv_gpiote.o(i.channel_port_get)
    channel_port_get                         0x000004ed   Thumb Code     8  nrf_drv_gpiote.o(i.channel_port_get)
    i.critical_region_enter                  0x000004f8   Section        0  app_util_platform.o(i.critical_region_enter)
    i.critical_region_exit                   0x0000050c   Section        0  app_util_platform.o(i.critical_region_exit)
    i.irq_handler                            0x00000528   Section        0  nrf_drv_timer.o(i.irq_handler)
    irq_handler                              0x00000529   Thumb Code   104  nrf_drv_timer.o(i.irq_handler)
    i.is_allocated_channel                   0x00000590   Section        0  nrf_drv_ppi.o(i.is_allocated_channel)
    is_allocated_channel                     0x00000591   Thumb Code    28  nrf_drv_ppi.o(i.is_allocated_channel)
    i.is_app_channel                         0x000005b0   Section        0  nrf_drv_ppi.o(i.is_app_channel)
    is_app_channel                           0x000005b1   Thumb Code    18  nrf_drv_ppi.o(i.is_app_channel)
    i.is_disabled_in_debug_needed            0x000005c4   Section        0  system_nrf51.o(i.is_disabled_in_debug_needed)
    is_disabled_in_debug_needed              0x000005c5   Thumb Code    52  system_nrf51.o(i.is_disabled_in_debug_needed)
    i.is_manual_peripheral_setup_needed      0x000005fc   Section        0  system_nrf51.o(i.is_manual_peripheral_setup_needed)
    is_manual_peripheral_setup_needed        0x000005fd   Thumb Code   104  system_nrf51.o(i.is_manual_peripheral_setup_needed)
    i.is_programmable_app_channel            0x00000668   Section        0  nrf_drv_ppi.o(i.is_programmable_app_channel)
    is_programmable_app_channel              0x00000669   Thumb Code    24  nrf_drv_ppi.o(i.is_programmable_app_channel)
    i.main                                   0x00000680   Section        0  main.o(i.main)
    i.moist_sens_gpio_cfg                    0x00000790   Section        0  main.o(i.moist_sens_gpio_cfg)
    i.moist_sens_tmr_capture_cfg             0x000007e4   Section        0  main.o(i.moist_sens_tmr_capture_cfg)
    i.moist_sens_tmr_counter_cfg             0x00000840   Section        0  main.o(i.moist_sens_tmr_counter_cfg)
    i.moist_sens_tmr_evnt_handler            0x00000894   Section        0  main.o(i.moist_sens_tmr_evnt_handler)
    i.nrf_delay_ms                           0x000008cc   Section        0  nrf_delay.o(i.nrf_delay_ms)
    i.nrf_drv_common_irq_enable              0x000008e8   Section        0  nrf_drv_common.o(i.nrf_drv_common_irq_enable)
    i.nrf_drv_get_IRQn                       0x00000920   Section        0  nrf_drv_timer.o(i.nrf_drv_get_IRQn)
    nrf_drv_get_IRQn                         0x00000921   Thumb Code    10  nrf_drv_timer.o(i.nrf_drv_get_IRQn)
    i.nrf_drv_gpiote_in_event_addr_get       0x0000092a   Section        0  nrf_drv_gpiote.o(i.nrf_drv_gpiote_in_event_addr_get)
    i.nrf_drv_gpiote_in_event_enable         0x00000944   Section        0  nrf_drv_gpiote.o(i.nrf_drv_gpiote_in_event_enable)
    i.nrf_drv_gpiote_in_init                 0x00000a0c   Section        0  nrf_drv_gpiote.o(i.nrf_drv_gpiote_in_init)
    i.nrf_drv_gpiote_init                    0x00000b00   Section        0  nrf_drv_gpiote.o(i.nrf_drv_gpiote_init)
    i.nrf_drv_gpiote_out_init                0x00000b50   Section        0  nrf_drv_gpiote.o(i.nrf_drv_gpiote_out_init)
    i.nrf_drv_gpiote_out_task_addr_get       0x00000c44   Section        0  nrf_drv_gpiote.o(i.nrf_drv_gpiote_out_task_addr_get)
    i.nrf_drv_gpiote_out_task_enable         0x00000c60   Section        0  nrf_drv_gpiote.o(i.nrf_drv_gpiote_out_task_enable)
    i.nrf_drv_ppi_channel_alloc              0x00000cac   Section        0  nrf_drv_ppi.o(i.nrf_drv_ppi_channel_alloc)
    i.nrf_drv_ppi_channel_assign             0x00000d18   Section        0  nrf_drv_ppi.o(i.nrf_drv_ppi_channel_assign)
    i.nrf_drv_ppi_channel_enable             0x00000d7c   Section        0  nrf_drv_ppi.o(i.nrf_drv_ppi_channel_enable)
    i.nrf_drv_ppi_channel_to_mask            0x00000dbc   Section        0  nrf_drv_ppi.o(i.nrf_drv_ppi_channel_to_mask)
    nrf_drv_ppi_channel_to_mask              0x00000dbd   Thumb Code     8  nrf_drv_ppi.o(i.nrf_drv_ppi_channel_to_mask)
    i.nrf_drv_ppi_init                       0x00000dc4   Section        0  nrf_drv_ppi.o(i.nrf_drv_ppi_init)
    i.nrf_drv_timer_capture                  0x00000de0   Section        0  nrf_drv_timer.o(i.nrf_drv_timer_capture)
    i.nrf_drv_timer_clear                    0x00000e08   Section        0  nrf_drv_timer.o(i.nrf_drv_timer_clear)
    i.nrf_drv_timer_compare                  0x00000e16   Section        0  nrf_drv_timer.o(i.nrf_drv_timer_compare)
    i.nrf_drv_timer_enable                   0x00000e50   Section        0  nrf_drv_timer.o(i.nrf_drv_timer_enable)
    i.nrf_drv_timer_extended_compare         0x00000e70   Section        0  nrf_drv_timer.o(i.nrf_drv_timer_extended_compare)
    i.nrf_drv_timer_init                     0x00000eb0   Section        0  nrf_drv_timer.o(i.nrf_drv_timer_init)
    i.nrf_drv_timer_task_address_get         0x00000f88   Section        0  main.o(i.nrf_drv_timer_task_address_get)
    nrf_drv_timer_task_address_get           0x00000f89   Thumb Code    10  main.o(i.nrf_drv_timer_task_address_get)
    i.nrf_gpio_cfg                           0x00000f92   Section        0  nrf_drv_gpiote.o(i.nrf_gpio_cfg)
    nrf_gpio_cfg                             0x00000f93   Thumb Code    38  nrf_drv_gpiote.o(i.nrf_gpio_cfg)
    i.nrf_gpio_cfg_output                    0x00000fb8   Section        0  main.o(i.nrf_gpio_cfg_output)
    nrf_gpio_cfg_output                      0x00000fb9   Thumb Code    48  main.o(i.nrf_gpio_cfg_output)
    i.nrf_gpio_cfg_sense_set                 0x00000fe8   Section        0  nrf_drv_gpiote.o(i.nrf_gpio_cfg_sense_set)
    nrf_gpio_cfg_sense_set                   0x00000fe9   Thumb Code    70  nrf_drv_gpiote.o(i.nrf_gpio_cfg_sense_set)
    i.nrf_gpio_pin_clear                     0x00001030   Section        0  nrf_drv_gpiote.o(i.nrf_gpio_pin_clear)
    nrf_gpio_pin_clear                       0x00001031   Thumb Code    10  nrf_drv_gpiote.o(i.nrf_gpio_pin_clear)
    i.nrf_gpio_pin_set                       0x00001040   Section        0  main.o(i.nrf_gpio_pin_set)
    nrf_gpio_pin_set                         0x00001041   Thumb Code    10  main.o(i.nrf_gpio_pin_set)
    i.nrf_gpio_pin_set                       0x00001050   Section        0  nrf_drv_gpiote.o(i.nrf_gpio_pin_set)
    nrf_gpio_pin_set                         0x00001051   Thumb Code    10  nrf_drv_gpiote.o(i.nrf_gpio_pin_set)
    i.nrf_gpiote_event_addr_get              0x00001060   Section        0  nrf_drv_gpiote.o(i.nrf_gpiote_event_addr_get)
    nrf_gpiote_event_addr_get                0x00001061   Thumb Code     8  nrf_drv_gpiote.o(i.nrf_gpiote_event_addr_get)
    i.nrf_gpiote_event_clear                 0x0000106c   Section        0  nrf_drv_gpiote.o(i.nrf_gpiote_event_clear)
    nrf_gpiote_event_clear                   0x0000106d   Thumb Code    16  nrf_drv_gpiote.o(i.nrf_gpiote_event_clear)
    i.nrf_gpiote_event_is_set                0x0000107c   Section        0  nrf_drv_gpiote.o(i.nrf_gpiote_event_is_set)
    nrf_gpiote_event_is_set                  0x0000107d   Thumb Code    22  nrf_drv_gpiote.o(i.nrf_gpiote_event_is_set)
    i.nrf_gpiote_int_enable                  0x00001094   Section        0  nrf_drv_gpiote.o(i.nrf_gpiote_int_enable)
    nrf_gpiote_int_enable                    0x00001095   Thumb Code     6  nrf_drv_gpiote.o(i.nrf_gpiote_int_enable)
    i.nrf_timer_compare_event_get            0x000010a0   Section        0  nrf_drv_timer.o(i.nrf_timer_compare_event_get)
    nrf_timer_compare_event_get              0x000010a1   Thumb Code    12  nrf_drv_timer.o(i.nrf_timer_compare_event_get)
    i.nrf_timer_compare_int_get              0x000010ac   Section        0  nrf_drv_timer.o(i.nrf_timer_compare_int_get)
    nrf_timer_compare_int_get                0x000010ad   Thumb Code    10  nrf_drv_timer.o(i.nrf_timer_compare_int_get)
    i.nrf_timer_event_clear                  0x000010b6   Section        0  nrf_drv_timer.o(i.nrf_timer_event_clear)
    nrf_timer_event_clear                    0x000010b7   Thumb Code     6  nrf_drv_timer.o(i.nrf_timer_event_clear)
    i.nrf_timer_int_disable                  0x000010bc   Section        0  nrf_drv_timer.o(i.nrf_timer_int_disable)
    nrf_timer_int_disable                    0x000010bd   Thumb Code    10  nrf_drv_timer.o(i.nrf_timer_int_disable)
    i.nrf_timer_int_enable                   0x000010c6   Section        0  nrf_drv_timer.o(i.nrf_timer_int_enable)
    nrf_timer_int_enable                     0x000010c7   Thumb Code    10  nrf_drv_timer.o(i.nrf_timer_int_enable)
    i.nrf_timer_shorts_disable               0x000010d0   Section        0  nrf_drv_timer.o(i.nrf_timer_shorts_disable)
    nrf_timer_shorts_disable                 0x000010d1   Thumb Code    16  nrf_drv_timer.o(i.nrf_timer_shorts_disable)
    i.nrf_timer_task_trigger                 0x000010e0   Section        0  nrf_drv_timer.o(i.nrf_timer_task_trigger)
    nrf_timer_task_trigger                   0x000010e1   Thumb Code     6  nrf_drv_timer.o(i.nrf_timer_task_trigger)
    i.pin_in_use_by_gpiote                   0x000010e8   Section        0  nrf_drv_gpiote.o(i.pin_in_use_by_gpiote)
    pin_in_use_by_gpiote                     0x000010e9   Thumb Code    22  nrf_drv_gpiote.o(i.pin_in_use_by_gpiote)
    i.pin_in_use_by_port                     0x00001104   Section        0  nrf_drv_gpiote.o(i.pin_in_use_by_port)
    pin_in_use_by_port                       0x00001105   Thumb Code    18  nrf_drv_gpiote.o(i.pin_in_use_by_port)
    i.pin_in_use_by_te                       0x0000111c   Section        0  nrf_drv_gpiote.o(i.pin_in_use_by_te)
    pin_in_use_by_te                         0x0000111d   Thumb Code    26  nrf_drv_gpiote.o(i.pin_in_use_by_te)
    i.pin_in_use_clear                       0x0000113c   Section        0  nrf_drv_gpiote.o(i.pin_in_use_clear)
    pin_in_use_clear                         0x0000113d   Thumb Code    10  nrf_drv_gpiote.o(i.pin_in_use_clear)
    i.ppi_moist_sens_sys_cfg                 0x0000114c   Section        0  main.o(i.ppi_moist_sens_sys_cfg)
    i.ppi_pulse_in_pulse_out                 0x00001238   Section        0  main.o(i.ppi_pulse_in_pulse_out)
    i.tmr_ctr_evnt_handler                   0x000012d4   Section        0  main.o(i.tmr_ctr_evnt_handler)
    i.tmr_enable                             0x000012d8   Section        0  main.o(i.tmr_enable)
    tmr_enable                               0x000012d9   Thumb Code    18  main.o(i.tmr_enable)
    .constdata                               0x000012f0   Section       28  main.o(.constdata)
    .constdata                               0x0000130c   Section       16  nrf_drv_timer.o(.constdata)
    m_default_config                         0x0000130c   Data          16  nrf_drv_timer.o(.constdata)
    .data                                    0x20000000   Section        4  system_nrf51.o(.data)
    __tagsym$$used                           0x20000000   Number         0  system_nrf51.o(.data)
    .data                                    0x20000004   Section        9  nrf_drv_ppi.o(.data)
    m_drv_state                              0x20000004   Data           1  nrf_drv_ppi.o(.data)
    m_channels_allocated                     0x20000008   Data           4  nrf_drv_ppi.o(.data)
    m_groups_allocated                       0x2000000c   Data           1  nrf_drv_ppi.o(.data)
    .data                                    0x20000010   Section        4  app_util_platform.o(.data)
    m_in_critical_region                     0x20000010   Data           4  app_util_platform.o(.data)
    .bss                                     0x20000014   Section       24  main.o(.bss)
    .bss                                     0x2000002c   Section       56  nrf_drv_gpiote.o(.bss)
    m_cb                                     0x2000002c   Data          56  nrf_drv_gpiote.o(.bss)
    .bss                                     0x20000064   Section       24  nrf_drv_timer.o(.bss)
    m_cb                                     0x20000064   Data          24  nrf_drv_timer.o(.bss)
    STACK                                    0x20000080   Section     2048  arm_startup_nrf51.o(STACK)

    Global Symbols

    Symbol Name                              Value     Ov Type        Size  Object(Section)

    BuildAttributes$$THM_ISAv3M$S$PE$A:L22$X:L11$S22$IEEE1$IW$USESV6$~STKCKD$USESV7$~SHL$OSPACE$EBA8$MICROLIB$REQ8$PRES8$EABIv2 0x00000000   Number         0  anon$$obj.o ABSOLUTE
    __ARM_use_no_argv                        0x00000000   Number         0  main.o ABSOLUTE
    __Vectors                                0x00000000   Data           4  arm_startup_nrf51.o(RESET)
    __cpp_initialize__aeabi_                  - Undefined Weak Reference
    __cxa_finalize                            - Undefined Weak Reference
    __decompress                              - Undefined Weak Reference
    _clock_init                               - Undefined Weak Reference
    _microlib_exit                            - Undefined Weak Reference
    __Vectors_End                            0x000000c0   Data           0  arm_startup_nrf51.o(RESET)
    __Vectors_Size                           0x000000c0   Number         0  arm_startup_nrf51.o ABSOLUTE
    __main                                   0x000000c1   Thumb Code     0  entry.o(.ARM.Collect$$$$00000000)
    _main_stk                                0x000000c1   Thumb Code     0  entry2.o(.ARM.Collect$$$$00000001)
    _main_scatterload                        0x000000c5   Thumb Code     0  entry5.o(.ARM.Collect$$$$00000004)
    __main_after_scatterload                 0x000000c9   Thumb Code     0  entry5.o(.ARM.Collect$$$$00000004)
    _main_clock                              0x000000c9   Thumb Code     0  entry7b.o(.ARM.Collect$$$$00000008)
    _main_cpp_init                           0x000000c9   Thumb Code     0  entry8b.o(.ARM.Collect$$$$0000000A)
    _main_init                               0x000000c9   Thumb Code     0  entry9a.o(.ARM.Collect$$$$0000000B)
    __rt_final_cpp                           0x000000d1   Thumb Code     0  entry10a.o(.ARM.Collect$$$$0000000D)
    __rt_final_exit                          0x000000d1   Thumb Code     0  entry11a.o(.ARM.Collect$$$$0000000F)
    __asm___11_nrf_delay_c_532987f3__nrf_delay_us 0x000000d5   Thumb Code    30  nrf_delay.o(.emb_text)
    Reset_Handler                            0x000000f5   Thumb Code    26  arm_startup_nrf51.o(.text)
    NMI_Handler                              0x0000010f   Thumb Code     2  arm_startup_nrf51.o(.text)
    HardFault_Handler                        0x00000111   Thumb Code     2  arm_startup_nrf51.o(.text)
    SVC_Handler                              0x00000113   Thumb Code     2  arm_startup_nrf51.o(.text)
    PendSV_Handler                           0x00000115   Thumb Code     2  arm_startup_nrf51.o(.text)
    SysTick_Handler                          0x00000117   Thumb Code     2  arm_startup_nrf51.o(.text)
    ADC_IRQHandler                           0x00000119   Thumb Code     0  arm_startup_nrf51.o(.text)
    CCM_AAR_IRQHandler                       0x00000119   Thumb Code     0  arm_startup_nrf51.o(.text)
    ECB_IRQHandler                           0x00000119   Thumb Code     0  arm_startup_nrf51.o(.text)
    LPCOMP_IRQHandler                        0x00000119   Thumb Code     0  arm_startup_nrf51.o(.text)
    POWER_CLOCK_IRQHandler                   0x00000119   Thumb Code     0  arm_startup_nrf51.o(.text)
    QDEC_IRQHandler                          0x00000119   Thumb Code     0  arm_startup_nrf51.o(.text)
    RADIO_IRQHandler                         0x00000119   Thumb Code     0  arm_startup_nrf51.o(.text)
    RNG_IRQHandler                           0x00000119   Thumb Code     0  arm_startup_nrf51.o(.text)
    RTC0_IRQHandler                          0x00000119   Thumb Code     0  arm_startup_nrf51.o(.text)
    RTC1_IRQHandler                          0x00000119   Thumb Code     0  arm_startup_nrf51.o(.text)
    SPI0_TWI0_IRQHandler                     0x00000119   Thumb Code     0  arm_startup_nrf51.o(.text)
    SPI1_TWI1_IRQHandler                     0x00000119   Thumb Code     0  arm_startup_nrf51.o(.text)
    SWI0_IRQHandler                          0x00000119   Thumb Code     0  arm_startup_nrf51.o(.text)
    SWI1_IRQHandler                          0x00000119   Thumb Code     0  arm_startup_nrf51.o(.text)
    SWI2_IRQHandler                          0x00000119   Thumb Code     0  arm_startup_nrf51.o(.text)
    SWI3_IRQHandler                          0x00000119   Thumb Code     0  arm_startup_nrf51.o(.text)
    SWI4_IRQHandler                          0x00000119   Thumb Code     0  arm_startup_nrf51.o(.text)
    SWI5_IRQHandler                          0x00000119   Thumb Code     0  arm_startup_nrf51.o(.text)
    TEMP_IRQHandler                          0x00000119   Thumb Code     0  arm_startup_nrf51.o(.text)
    TIMER2_IRQHandler                        0x00000119   Thumb Code     0  arm_startup_nrf51.o(.text)
    UART0_IRQHandler                         0x00000119   Thumb Code     0  arm_startup_nrf51.o(.text)
    WDT_IRQHandler                           0x00000119   Thumb Code     0  arm_startup_nrf51.o(.text)
    __scatterload                            0x0000012d   Thumb Code    28  init.o(.text)
    __scatterload_rt2                        0x0000012d   Thumb Code     0  init.o(.text)
    GPIOTE_IRQHandler                        0x00000151   Thumb Code   378  nrf_drv_gpiote.o(i.GPIOTE_IRQHandler)
    SystemInit                               0x00000355   Thumb Code    38  system_nrf51.o(i.SystemInit)
    TIMER0_IRQHandler                        0x0000038d   Thumb Code    14  nrf_drv_timer.o(i.TIMER0_IRQHandler)
    TIMER1_IRQHandler                        0x000003a5   Thumb Code    14  nrf_drv_timer.o(i.TIMER1_IRQHandler)
    __scatterload_copy                       0x000003bd   Thumb Code    14  handlers.o(i.__scatterload_copy)
    __scatterload_null                       0x000003cb   Thumb Code     2  handlers.o(i.__scatterload_null)
    __scatterload_zeroinit                   0x000003cd   Thumb Code    14  handlers.o(i.__scatterload_zeroinit)
    app_error_fault_handler                  0x000003dd   Thumb Code    48  app_error.o(i.app_error_fault_handler)
    app_error_handler_bare                   0x00000415   Thumb Code    24  app_error.o(i.app_error_handler_bare)
    critical_region_enter                    0x000004f9   Thumb Code    14  app_util_platform.o(i.critical_region_enter)
    critical_region_exit                     0x0000050d   Thumb Code    22  app_util_platform.o(i.critical_region_exit)
    main                                     0x00000681   Thumb Code   254  main.o(i.main)
    moist_sens_gpio_cfg                      0x00000791   Thumb Code    84  main.o(i.moist_sens_gpio_cfg)
    moist_sens_tmr_capture_cfg               0x000007e5   Thumb Code    88  main.o(i.moist_sens_tmr_capture_cfg)
    moist_sens_tmr_counter_cfg               0x00000841   Thumb Code    70  main.o(i.moist_sens_tmr_counter_cfg)
    moist_sens_tmr_evnt_handler              0x00000895   Thumb Code    52  main.o(i.moist_sens_tmr_evnt_handler)
    nrf_delay_ms                             0x000008cd   Thumb Code    24  nrf_delay.o(i.nrf_delay_ms)
    nrf_drv_common_irq_enable                0x000008e9   Thumb Code    48  nrf_drv_common.o(i.nrf_drv_common_irq_enable)
    nrf_drv_gpiote_in_event_addr_get         0x0000092b   Thumb Code    26  nrf_drv_gpiote.o(i.nrf_drv_gpiote_in_event_addr_get)
    nrf_drv_gpiote_in_event_enable           0x00000945   Thumb Code   186  nrf_drv_gpiote.o(i.nrf_drv_gpiote_in_event_enable)
    nrf_drv_gpiote_in_init                   0x00000a0d   Thumb Code   228  nrf_drv_gpiote.o(i.nrf_drv_gpiote_in_init)
    nrf_drv_gpiote_init                      0x00000b01   Thumb Code    76  nrf_drv_gpiote.o(i.nrf_drv_gpiote_init)
    nrf_drv_gpiote_out_init                  0x00000b51   Thumb Code   230  nrf_drv_gpiote.o(i.nrf_drv_gpiote_out_init)
    nrf_drv_gpiote_out_task_addr_get         0x00000c45   Thumb Code    24  nrf_drv_gpiote.o(i.nrf_drv_gpiote_out_task_addr_get)
    nrf_drv_gpiote_out_task_enable           0x00000c61   Thumb Code    62  nrf_drv_gpiote.o(i.nrf_drv_gpiote_out_task_enable)
    nrf_drv_ppi_channel_alloc                0x00000cad   Thumb Code   100  nrf_drv_ppi.o(i.nrf_drv_ppi_channel_alloc)
    nrf_drv_ppi_channel_assign               0x00000d19   Thumb Code    94  nrf_drv_ppi.o(i.nrf_drv_ppi_channel_assign)
    nrf_drv_ppi_channel_enable               0x00000d7d   Thumb Code    58  nrf_drv_ppi.o(i.nrf_drv_ppi_channel_enable)
    nrf_drv_ppi_init                         0x00000dc5   Thumb Code    22  nrf_drv_ppi.o(i.nrf_drv_ppi_init)
    nrf_drv_timer_capture                    0x00000de1   Thumb Code    40  nrf_drv_timer.o(i.nrf_drv_timer_capture)
    nrf_drv_timer_clear                      0x00000e09   Thumb Code    14  nrf_drv_timer.o(i.nrf_drv_timer_clear)
    nrf_drv_timer_compare                    0x00000e17   Thumb Code    56  nrf_drv_timer.o(i.nrf_drv_timer_compare)
    nrf_drv_timer_enable                     0x00000e51   Thumb Code    28  nrf_drv_timer.o(i.nrf_drv_timer_enable)
    nrf_drv_timer_extended_compare           0x00000e71   Thumb Code    62  nrf_drv_timer.o(i.nrf_drv_timer_extended_compare)
    nrf_drv_timer_init                       0x00000eb1   Thumb Code   208  nrf_drv_timer.o(i.nrf_drv_timer_init)
    ppi_moist_sens_sys_cfg                   0x0000114d   Thumb Code   236  main.o(i.ppi_moist_sens_sys_cfg)
    ppi_pulse_in_pulse_out                   0x00001239   Thumb Code   150  main.o(i.ppi_pulse_in_pulse_out)
    tmr_ctr_evnt_handler                     0x000012d5   Thumb Code     2  main.o(i.tmr_ctr_evnt_handler)
    Region$$Table$$Base                      0x0000131c   Number         0  anon$$obj.o(Region$$Table)
    Region$$Table$$Limit                     0x0000133c   Number         0  anon$$obj.o(Region$$Table)
    SystemCoreClock                          0x20000000   Data           4  system_nrf51.o(.data)
    dmon_drvr                                0x20000014   Data          24  main.o(.bss)
    __initial_sp                             0x20000880   Data           0  arm_startup_nrf51.o(STACK)



==============================================================================

Memory Map of the image

  Image Entry point : 0x000000c1

  Load Region LR_IROM1 (Base: 0x00000000, Size: 0x00001350, Max: 0x00040000, ABSOLUTE)

    Execution Region ER_IROM1 (Exec base: 0x00000000, Load base: 0x00000000, Size: 0x0000133c, Max: 0x00040000, ABSOLUTE)

    Exec Addr    Load Addr    Size         Type   Attr      Idx    E Section Name        Object

    0x00000000   0x00000000   0x000000c0   Data   RO          197    RESET               arm_startup_nrf51.o
    0x000000c0   0x000000c0   0x00000000   Code   RO          984  * .ARM.Collect$$$$00000000  mc_p.l(entry.o)
    0x000000c0   0x000000c0   0x00000004   Code   RO          987    .ARM.Collect$$$$00000001  mc_p.l(entry2.o)
    0x000000c4   0x000000c4   0x00000004   Code   RO          990    .ARM.Collect$$$$00000004  mc_p.l(entry5.o)
    0x000000c8   0x000000c8   0x00000000   Code   RO          992    .ARM.Collect$$$$00000008  mc_p.l(entry7b.o)
    0x000000c8   0x000000c8   0x00000000   Code   RO          994    .ARM.Collect$$$$0000000A  mc_p.l(entry8b.o)
    0x000000c8   0x000000c8   0x00000008   Code   RO          995    .ARM.Collect$$$$0000000B  mc_p.l(entry9a.o)
    0x000000d0   0x000000d0   0x00000000   Code   RO          997    .ARM.Collect$$$$0000000D  mc_p.l(entry10a.o)
    0x000000d0   0x000000d0   0x00000000   Code   RO          999    .ARM.Collect$$$$0000000F  mc_p.l(entry11a.o)
    0x000000d0   0x000000d0   0x00000004   Code   RO          988    .ARM.Collect$$$$00002712  mc_p.l(entry2.o)
    0x000000d4   0x000000d4   0x0000001e   Code   RO          676    .emb_text           nrf_delay.o
    0x000000f2   0x000000f2   0x00000002   PAD
    0x000000f4   0x000000f4   0x00000038   Code   RO          198    .text               arm_startup_nrf51.o
    0x0000012c   0x0000012c   0x00000024   Code   RO         1001    .text               mc_p.l(init.o)
    0x00000150   0x00000150   0x0000018c   Code   RO          277    i.GPIOTE_IRQHandler  nrf_drv_gpiote.o
    0x000002dc   0x000002dc   0x00000078   Code   RO          246    i.NVIC_SetPriority  nrf_drv_common.o
    0x00000354   0x00000354   0x00000038   Code   RO          205    i.SystemInit        system_nrf51.o
    0x0000038c   0x0000038c   0x00000018   Code   RO          512    i.TIMER0_IRQHandler  nrf_drv_timer.o
    0x000003a4   0x000003a4   0x00000018   Code   RO          513    i.TIMER1_IRQHandler  nrf_drv_timer.o
    0x000003bc   0x000003bc   0x0000000e   Code   RO         1005    i.__scatterload_copy  mc_p.l(handlers.o)
    0x000003ca   0x000003ca   0x00000002   Code   RO         1006    i.__scatterload_null  mc_p.l(handlers.o)
    0x000003cc   0x000003cc   0x0000000e   Code   RO         1007    i.__scatterload_zeroinit  mc_p.l(handlers.o)
    0x000003da   0x000003da   0x00000002   PAD
    0x000003dc   0x000003dc   0x00000038   Code   RO          882    i.app_error_fault_handler  app_error.o
    0x00000414   0x00000414   0x0000001c   Code   RO          884    i.app_error_handler_bare  app_error.o
    0x00000430   0x00000430   0x00000014   Code   RO          707    i.are_app_channels  nrf_drv_ppi.o
    0x00000444   0x00000444   0x00000020   Code   RO          278    i.channel_free      nrf_drv_gpiote.o
    0x00000464   0x00000464   0x00000010   Code   RO          279    i.channel_handler_get  nrf_drv_gpiote.o
    0x00000474   0x00000474   0x00000078   Code   RO          280    i.channel_port_alloc  nrf_drv_gpiote.o
    0x000004ec   0x000004ec   0x0000000c   Code   RO          281    i.channel_port_get  nrf_drv_gpiote.o
    0x000004f8   0x000004f8   0x00000014   Code   RO          958    i.critical_region_enter  app_util_platform.o
    0x0000050c   0x0000050c   0x0000001c   Code   RO          959    i.critical_region_exit  app_util_platform.o
    0x00000528   0x00000528   0x00000068   Code   RO          514    i.irq_handler       nrf_drv_timer.o
    0x00000590   0x00000590   0x00000020   Code   RO          709    i.is_allocated_channel  nrf_drv_ppi.o
    0x000005b0   0x000005b0   0x00000012   Code   RO          711    i.is_app_channel    nrf_drv_ppi.o
    0x000005c2   0x000005c2   0x00000002   PAD
    0x000005c4   0x000005c4   0x00000038   Code   RO          206    i.is_disabled_in_debug_needed  system_nrf51.o
    0x000005fc   0x000005fc   0x0000006c   Code   RO          207    i.is_manual_peripheral_setup_needed  system_nrf51.o
    0x00000668   0x00000668   0x00000018   Code   RO          713    i.is_programmable_app_channel  nrf_drv_ppi.o
    0x00000680   0x00000680   0x00000110   Code   RO            4    i.main              main.o
    0x00000790   0x00000790   0x00000054   Code   RO            5    i.moist_sens_gpio_cfg  main.o
    0x000007e4   0x000007e4   0x0000005c   Code   RO            7    i.moist_sens_tmr_capture_cfg  main.o
    0x00000840   0x00000840   0x00000054   Code   RO            8    i.moist_sens_tmr_counter_cfg  main.o
    0x00000894   0x00000894   0x00000038   Code   RO            9    i.moist_sens_tmr_evnt_handler  main.o
    0x000008cc   0x000008cc   0x0000001c   Code   RO          677    i.nrf_delay_ms      nrf_delay.o
    0x000008e8   0x000008e8   0x00000038   Code   RO          247    i.nrf_drv_common_irq_enable  nrf_drv_common.o
    0x00000920   0x00000920   0x0000000a   Code   RO          515    i.nrf_drv_get_IRQn  nrf_drv_timer.o
    0x0000092a   0x0000092a   0x0000001a   Code   RO          282    i.nrf_drv_gpiote_in_event_addr_get  nrf_drv_gpiote.o
    0x00000944   0x00000944   0x000000c8   Code   RO          284    i.nrf_drv_gpiote_in_event_enable  nrf_drv_gpiote.o
    0x00000a0c   0x00000a0c   0x000000f4   Code   RO          285    i.nrf_drv_gpiote_in_init  nrf_drv_gpiote.o
    0x00000b00   0x00000b00   0x00000050   Code   RO          288    i.nrf_drv_gpiote_init  nrf_drv_gpiote.o
    0x00000b50   0x00000b50   0x000000f4   Code   RO          291    i.nrf_drv_gpiote_out_init  nrf_drv_gpiote.o
    0x00000c44   0x00000c44   0x0000001c   Code   RO          293    i.nrf_drv_gpiote_out_task_addr_get  nrf_drv_gpiote.o
    0x00000c60   0x00000c60   0x0000004c   Code   RO          295    i.nrf_drv_gpiote_out_task_enable  nrf_drv_gpiote.o
    0x00000cac   0x00000cac   0x0000006c   Code   RO          714    i.nrf_drv_ppi_channel_alloc  nrf_drv_ppi.o
    0x00000d18   0x00000d18   0x00000064   Code   RO          715    i.nrf_drv_ppi_channel_assign  nrf_drv_ppi.o
    0x00000d7c   0x00000d7c   0x00000040   Code   RO          717    i.nrf_drv_ppi_channel_enable  nrf_drv_ppi.o
    0x00000dbc   0x00000dbc   0x00000008   Code   RO          720    i.nrf_drv_ppi_channel_to_mask  nrf_drv_ppi.o
    0x00000dc4   0x00000dc4   0x0000001c   Code   RO          727    i.nrf_drv_ppi_init  nrf_drv_ppi.o
    0x00000de0   0x00000de0   0x00000028   Code   RO          516    i.nrf_drv_timer_capture  nrf_drv_timer.o
    0x00000e08   0x00000e08   0x0000000e   Code   RO          517    i.nrf_drv_timer_clear  nrf_drv_timer.o
    0x00000e16   0x00000e16   0x00000038   Code   RO          518    i.nrf_drv_timer_compare  nrf_drv_timer.o
    0x00000e4e   0x00000e4e   0x00000002   PAD
    0x00000e50   0x00000e50   0x00000020   Code   RO          522    i.nrf_drv_timer_enable  nrf_drv_timer.o
    0x00000e70   0x00000e70   0x0000003e   Code   RO          523    i.nrf_drv_timer_extended_compare  nrf_drv_timer.o
    0x00000eae   0x00000eae   0x00000002   PAD
    0x00000eb0   0x00000eb0   0x000000d8   Code   RO          525    i.nrf_drv_timer_init  nrf_drv_timer.o
    0x00000f88   0x00000f88   0x0000000a   Code   RO           10    i.nrf_drv_timer_task_address_get  main.o
    0x00000f92   0x00000f92   0x00000026   Code   RO          301    i.nrf_gpio_cfg      nrf_drv_gpiote.o
    0x00000fb8   0x00000fb8   0x00000030   Code   RO           11    i.nrf_gpio_cfg_output  main.o
    0x00000fe8   0x00000fe8   0x00000046   Code   RO          303    i.nrf_gpio_cfg_sense_set  nrf_drv_gpiote.o
    0x0000102e   0x0000102e   0x00000002   PAD
    0x00001030   0x00001030   0x00000010   Code   RO          304    i.nrf_gpio_pin_clear  nrf_drv_gpiote.o
    0x00001040   0x00001040   0x00000010   Code   RO           12    i.nrf_gpio_pin_set  main.o
    0x00001050   0x00001050   0x00000010   Code   RO          305    i.nrf_gpio_pin_set  nrf_drv_gpiote.o
    0x00001060   0x00001060   0x0000000c   Code   RO          306    i.nrf_gpiote_event_addr_get  nrf_drv_gpiote.o
    0x0000106c   0x0000106c   0x00000010   Code   RO          307    i.nrf_gpiote_event_clear  nrf_drv_gpiote.o
    0x0000107c   0x0000107c   0x00000016   Code   RO          308    i.nrf_gpiote_event_is_set  nrf_drv_gpiote.o
    0x00001092   0x00001092   0x00000002   PAD
    0x00001094   0x00001094   0x0000000c   Code   RO          309    i.nrf_gpiote_int_enable  nrf_drv_gpiote.o
    0x000010a0   0x000010a0   0x0000000c   Code   RO          529    i.nrf_timer_compare_event_get  nrf_drv_timer.o
    0x000010ac   0x000010ac   0x0000000a   Code   RO          530    i.nrf_timer_compare_int_get  nrf_drv_timer.o
    0x000010b6   0x000010b6   0x00000006   Code   RO          531    i.nrf_timer_event_clear  nrf_drv_timer.o
    0x000010bc   0x000010bc   0x0000000a   Code   RO          532    i.nrf_timer_int_disable  nrf_drv_timer.o
    0x000010c6   0x000010c6   0x0000000a   Code   RO          533    i.nrf_timer_int_enable  nrf_drv_timer.o
    0x000010d0   0x000010d0   0x00000010   Code   RO          534    i.nrf_timer_shorts_disable  nrf_drv_timer.o
    0x000010e0   0x000010e0   0x00000006   Code   RO          535    i.nrf_timer_task_trigger  nrf_drv_timer.o
    0x000010e6   0x000010e6   0x00000002   PAD
    0x000010e8   0x000010e8   0x0000001c   Code   RO          311    i.pin_in_use_by_gpiote  nrf_drv_gpiote.o
    0x00001104   0x00001104   0x00000018   Code   RO          312    i.pin_in_use_by_port  nrf_drv_gpiote.o
    0x0000111c   0x0000111c   0x00000020   Code   RO          313    i.pin_in_use_by_te  nrf_drv_gpiote.o
    0x0000113c   0x0000113c   0x00000010   Code   RO          314    i.pin_in_use_clear  nrf_drv_gpiote.o
    0x0000114c   0x0000114c   0x000000ec   Code   RO           13    i.ppi_moist_sens_sys_cfg  main.o
    0x00001238   0x00001238   0x0000009c   Code   RO           14    i.ppi_pulse_in_pulse_out  main.o
    0x000012d4   0x000012d4   0x00000002   Code   RO           15    i.tmr_ctr_evnt_handler  main.o
    0x000012d6   0x000012d6   0x00000002   PAD
    0x000012d8   0x000012d8   0x00000018   Code   RO           16    i.tmr_enable        main.o
    0x000012f0   0x000012f0   0x0000001c   Data   RO           18    .constdata          main.o
    0x0000130c   0x0000130c   0x00000010   Data   RO          537    .constdata          nrf_drv_timer.o
    0x0000131c   0x0000131c   0x00000020   Data   RO         1003    Region$$Table       anon$$obj.o


    Execution Region RW_IRAM1 (Exec base: 0x20000000, Load base: 0x0000133c, Size: 0x00000880, Max: 0x00008000, ABSOLUTE)

    Exec Addr    Load Addr    Size         Type   Attr      Idx    E Section Name        Object

    0x20000000   0x0000133c   0x00000004   Data   RW          208    .data               system_nrf51.o
    0x20000004   0x00001340   0x00000009   Data   RW          731    .data               nrf_drv_ppi.o
    0x2000000d   0x00001349   0x00000003   PAD
    0x20000010   0x0000134c   0x00000004   Data   RW          960    .data               app_util_platform.o
    0x20000014        -       0x00000018   Zero   RW           17    .bss                main.o
    0x2000002c        -       0x00000038   Zero   RW          315    .bss                nrf_drv_gpiote.o
    0x20000064        -       0x00000018   Zero   RW          536    .bss                nrf_drv_timer.o
    0x2000007c   0x00001350   0x00000004   PAD
    0x20000080        -       0x00000800   Zero   RW          195    STACK               arm_startup_nrf51.o


==============================================================================

Image component sizes


      Code (inc. data)   RO Data    RW Data    ZI Data      Debug   Object Name

        84         12          0          0          0       9163   app_error.o
        48         12          0          4          0       1247   app_util_platform.o
        56         18        192          0       2048        660   arm_startup_nrf51.o
      1080         58         28          0         24      50134   main.o
        58          4          0          0          0       1663   nrf_delay.o
       176         18          0          0          0       8996   nrf_drv_common.o
      1776        150          0          0         56      26601   nrf_drv_gpiote.o
       402         30          0          9          0      11381   nrf_drv_ppi.o
       652         32         16          0         24      19835   nrf_drv_timer.o
       220         26          0          4          0       1839   system_nrf51.o

    ----------------------------------------------------------------------
      4568        360        268         20       2156     131519   Object Totals
         0          0         32          0          0          0   (incl. Generated)
        16          0          0          3          4          0   (incl. Padding)

    ----------------------------------------------------------------------

      Code (inc. data)   RO Data    RW Data    ZI Data      Debug   Library Member Name

         0          0          0          0          0          0   entry.o
         0          0          0          0          0          0   entry10a.o
         0          0          0          0          0          0   entry11a.o
         8          4          0          0          0          0   entry2.o
         4          0          0          0          0          0   entry5.o
         0          0          0          0          0          0   entry7b.o
         0          0          0          0          0          0   entry8b.o
         8          4          0          0          0          0   entry9a.o
        30          0          0          0          0          0   handlers.o
        36          8          0          0          0         68   init.o

    ----------------------------------------------------------------------
        88         16          0          0          0         68   Library Totals
         2          0          0          0          0          0   (incl. Padding)

    ----------------------------------------------------------------------

      Code (inc. data)   RO Data    RW Data    ZI Data      Debug   Library Name

        86         16          0          0          0         68   mc_p.l

    ----------------------------------------------------------------------
        88         16          0          0          0         68   Library Totals

    ----------------------------------------------------------------------

==============================================================================


      Code (inc. data)   RO Data    RW Data    ZI Data      Debug   

      4656        376        268         20       2156     128651   Grand Totals
      4656        376        268         20       2156     128651   ELF Image Totals
      4656        376        268         20          0          0   ROM Totals

==============================================================================

    Total RO  Size (Code + RO Data)                 4924 (   4.81kB)
    Total RW  Size (RW Data + ZI Data)              2176 (   2.13kB)
    Total ROM Size (Code + RO Data + RW Data)       4944 (   4.83kB)

==============================================================================

